[2026-07-07 22:43:41] [INFO] Detailed logging initialized at output/localhost_20260707_224341/logs/buggy.log
[2026-07-07 22:43:41] [INFO] 
============================================================
[2026-07-07 22:43:41] [INFO]   InfraScanner — http://localhost:8000
[2026-07-07 22:43:41] [INFO] ============================================================

[2026-07-07 22:43:41] [INFO]   [+] 2 hosts identificados para infra scan
[2026-07-07 22:43:41] [INFO]   [+] 4 tarefas totais

[2026-07-07 22:43:45] [DEBUG] Connection error (URLError) for https://http://localhost:8000/.env, retrying in 1.0s...
[2026-07-07 22:43:45] [DEBUG] Connection error (URLError) for http://http://localhost:8000/.env, retrying in 1.0s...
[2026-07-07 22:43:45] [DEBUG] Connection error (URLError) for http://http://localhost:8000, retrying in 1.0s...
[2026-07-07 22:43:45] [DEBUG] Connection error (URLError) for https://http://localhost:8000, retrying in 1.0s...
[2026-07-07 22:43:50] [DEBUG] Connection error (URLError) for https://http://localhost:8000, retrying in 2.0s...
[2026-07-07 22:43:50] [DEBUG] Connection error (URLError) for https://http://localhost:8000/.env, retrying in 2.0s...
[2026-07-07 22:43:50] [DEBUG] Connection error (URLError) for http://http://localhost:8000/.env, retrying in 2.0s...
[2026-07-07 22:43:50] [DEBUG] Connection error (URLError) for http://http://localhost:8000, retrying in 2.0s...
[2026-07-07 22:43:56] [DEBUG] Failed to fetch https://http://localhost:8000 after 2 retries: <urlopen error [Errno -2] Name or service not known>
[2026-07-07 22:43:56] [DEBUG] Failed to fetch https://http://localhost:8000/.env after 2 retries: <urlopen error [Errno -2] Name or service not known>
[2026-07-07 22:43:56] [DEBUG] Failed to fetch http://http://localhost:8000/.env after 2 retries: <urlopen error [Errno -2] Name or service not known>
[2026-07-07 22:43:56] [DEBUG] Failed to fetch http://http://localhost:8000 after 2 retries: <urlopen error [Errno -2] Name or service not known>
[2026-07-07 22:44:00] [DEBUG] Connection error (URLError) for http://http://localhost:8000/.git/config, retrying in 1.0s...
[2026-07-07 22:44:00] [DEBUG] Connection error (URLError) for https://http://localhost:8000/.git/config, retrying in 1.0s...
[2026-07-07 22:44:05] [DEBUG] Connection error (URLError) for https://http://localhost:8000/.git/config, retrying in 2.0s...
[2026-07-07 22:44:05] [DEBUG] Connection error (URLError) for http://http://localhost:8000/.git/config, retrying in 2.0s...
[2026-07-07 22:44:11] [DEBUG] Failed to fetch https://http://localhost:8000/.git/config after 2 retries: <urlopen error [Errno -2] Name or service not known>
[2026-07-07 22:44:11] [DEBUG] Failed to fetch http://http://localhost:8000/.git/config after 2 retries: <urlopen error [Errno -2] Name or service not known>
[2026-07-07 22:44:15] [DEBUG] Connection error (URLError) for https://http://localhost:8000/.svn/entries, retrying in 1.0s...
[2026-07-07 22:44:15] [DEBUG] Connection error (URLError) for http://http://localhost:8000/.svn/entries, retrying in 1.0s...
[2026-07-07 22:44:20] [DEBUG] Connection error (URLError) for https://http://localhost:8000/.svn/entries, retrying in 2.0s...
[2026-07-07 22:44:20] [DEBUG] Connection error (URLError) for http://http://localhost:8000/.svn/entries, retrying in 2.0s...
[2026-07-07 22:44:26] [DEBUG] Failed to fetch https://http://localhost:8000/.svn/entries after 2 retries: <urlopen error [Errno -2] Name or service not known>
[2026-07-07 22:44:26] [DEBUG] Failed to fetch http://http://localhost:8000/.svn/entries after 2 retries: <urlopen error [Errno -2] Name or service not known>
[2026-07-07 22:44:30] [DEBUG] Connection error (URLError) for https://http://localhost:8000/server-status, retrying in 1.0s...
[2026-07-07 22:44:30] [DEBUG] Connection error (URLError) for http://http://localhost:8000/server-status, retrying in 1.0s...
[2026-07-07 22:44:35] [DEBUG] Connection error (URLError) for http://http://localhost:8000/server-status, retrying in 2.0s...
[2026-07-07 22:44:35] [DEBUG] Connection error (URLError) for https://http://localhost:8000/server-status, retrying in 2.0s...
[2026-07-07 22:44:39] [DEBUG] Failed to fetch https://http://localhost:8000/server-status after 2 retries: <urlopen error [Errno -3] Temporary failure in name resolution>
[2026-07-07 22:44:39] [DEBUG] Failed to fetch http://http://localhost:8000/server-status after 2 retries: <urlopen error [Errno -3] Temporary failure in name resolution>
[2026-07-07 22:44:39] [DEBUG] Connection error (URLError) for https://http://localhost:8000/phpinfo.php, retrying in 1.0s...
[2026-07-07 22:44:39] [DEBUG] Connection error (URLError) for http://http://localhost:8000/phpinfo.php, retrying in 1.0s...
[2026-07-07 22:44:43] [DEBUG] Connection error (URLError) for https://http://localhost:8000/phpinfo.php, retrying in 2.0s...
[2026-07-07 22:44:43] [DEBUG] Connection error (URLError) for http://http://localhost:8000/phpinfo.php, retrying in 2.0s...
[2026-07-07 22:44:49] [DEBUG] Failed to fetch https://http://localhost:8000/phpinfo.php after 2 retries: <urlopen error [Errno -2] Name or service not known>
[2026-07-07 22:44:49] [DEBUG] Failed to fetch http://http://localhost:8000/phpinfo.php after 2 retries: <urlopen error [Errno -2] Name or service not known>
[2026-07-07 22:44:52] [DEBUG] Connection error (URLError) for https://http://localhost:8000/WEB-INF/web.xml, retrying in 1.0s...
[2026-07-07 22:44:52] [DEBUG] Connection error (URLError) for http://http://localhost:8000/WEB-INF/web.xml, retrying in 1.0s...
[2026-07-07 22:44:57] [DEBUG] Connection error (URLError) for https://http://localhost:8000/WEB-INF/web.xml, retrying in 2.0s...
[2026-07-07 22:44:57] [DEBUG] Connection error (URLError) for http://http://localhost:8000/WEB-INF/web.xml, retrying in 2.0s...
[2026-07-07 22:45:02] [DEBUG] Failed to fetch http://http://localhost:8000/WEB-INF/web.xml after 2 retries: <urlopen error [Errno -2] Name or service not known>
[2026-07-07 22:45:02] [DEBUG] Failed to fetch https://http://localhost:8000/WEB-INF/web.xml after 2 retries: <urlopen error [Errno -2] Name or service not known>
[2026-07-07 22:45:02] [DEBUG] Connection error (URLError) for http://http://localhost:8000/.aws/credentials, retrying in 1.0s...
[2026-07-07 22:45:02] [DEBUG] Connection error (URLError) for https://http://localhost:8000/.aws/credentials, retrying in 1.0s...
[2026-07-07 22:45:06] [DEBUG] Connection error (URLError) for http://http://localhost:8000/.aws/credentials, retrying in 2.0s...
[2026-07-07 22:45:06] [DEBUG] Connection error (URLError) for https://http://localhost:8000/.aws/credentials, retrying in 2.0s...
[2026-07-07 22:45:12] [DEBUG] Failed to fetch http://http://localhost:8000/.aws/credentials after 2 retries: <urlopen error [Errno -2] Name or service not known>
[2026-07-07 22:45:12] [DEBUG] Failed to fetch https://http://localhost:8000/.aws/credentials after 2 retries: <urlopen error [Errno -2] Name or service not known>
[2026-07-07 22:45:15] [DEBUG] Connection error (URLError) for http://http://localhost:8000/.ssh/id_rsa, retrying in 1.0s...
[2026-07-07 22:45:15] [DEBUG] Connection error (URLError) for https://http://localhost:8000/.ssh/id_rsa, retrying in 1.0s...
[2026-07-07 22:45:20] [DEBUG] Connection error (URLError) for https://http://localhost:8000/.ssh/id_rsa, retrying in 2.0s...
[2026-07-07 22:45:20] [DEBUG] Connection error (URLError) for http://http://localhost:8000/.ssh/id_rsa, retrying in 2.0s...
[2026-07-07 22:45:26] [DEBUG] Failed to fetch http://http://localhost:8000/.ssh/id_rsa after 2 retries: <urlopen error [Errno -2] Name or service not known>
[2026-07-07 22:45:26] [DEBUG] Failed to fetch https://http://localhost:8000/.ssh/id_rsa after 2 retries: <urlopen error [Errno -2] Name or service not known>
[2026-07-07 22:45:30] [DEBUG] Connection error (URLError) for https://http://localhost:8000/docker-compose.yml, retrying in 1.0s...
[2026-07-07 22:45:30] [DEBUG] Connection error (URLError) for http://http://localhost:8000/docker-compose.yml, retrying in 1.0s...
[2026-07-07 22:45:35] [DEBUG] Connection error (URLError) for https://http://localhost:8000/docker-compose.yml, retrying in 2.0s...
[2026-07-07 22:45:35] [DEBUG] Connection error (URLError) for http://http://localhost:8000/docker-compose.yml, retrying in 2.0s...
[2026-07-07 22:45:41] [DEBUG] Failed to fetch http://http://localhost:8000/docker-compose.yml after 2 retries: <urlopen error [Errno -2] Name or service not known>
[2026-07-07 22:45:41] [DEBUG] Failed to fetch https://http://localhost:8000/docker-compose.yml after 2 retries: <urlopen error [Errno -2] Name or service not known>
[2026-07-07 22:45:45] [DEBUG] Connection error (URLError) for http://http://localhost:8000/config.php.bak, retrying in 1.0s...
[2026-07-07 22:45:45] [DEBUG] Connection error (URLError) for https://http://localhost:8000/config.php.bak, retrying in 1.0s...
[2026-07-07 22:45:50] [DEBUG] Connection error (URLError) for https://http://localhost:8000/config.php.bak, retrying in 2.0s...
[2026-07-07 22:45:50] [DEBUG] Connection error (URLError) for http://http://localhost:8000/config.php.bak, retrying in 2.0s...
[2026-07-07 22:45:56] [DEBUG] Failed to fetch http://http://localhost:8000/config.php.bak after 2 retries: <urlopen error [Errno -2] Name or service not known>
[2026-07-07 22:45:56] [DEBUG] Failed to fetch https://http://localhost:8000/config.php.bak after 2 retries: <urlopen error [Errno -2] Name or service not known>
[2026-07-07 22:45:56] [INFO] 
============================================================
[2026-07-07 22:45:56] [INFO]   ✅ Infra scan complete — 0 findings
[2026-07-07 22:45:56] [INFO]   📁 output/localhost_20260707_224341/attacks/infra/findings.json
[2026-07-07 22:45:56] [INFO] ============================================================
[2026-07-07 22:45:56] [INFO] 
============================================================
[2026-07-07 22:45:56] [INFO]   AuthScanner — http://localhost:8000
[2026-07-07 22:45:56] [INFO] ============================================================

[2026-07-07 22:45:56] [INFO]   [+] 0 tarefas totais

[2026-07-07 22:45:56] [INFO] 
============================================================
[2026-07-07 22:45:56] [INFO]   ✅ Auth scan complete — 0 findings
[2026-07-07 22:45:56] [INFO]   📁 output/localhost_20260707_224341/attacks/auth/findings.json
[2026-07-07 22:45:56] [INFO] ============================================================
[2026-07-07 22:45:56] [INFO] 
============================================================
[2026-07-07 22:45:56] [INFO]   BusinessLogicScanner — http://localhost:8000
[2026-07-07 22:45:56] [INFO] ============================================================

[2026-07-07 22:45:56] [INFO]   [+] 0 tarefas totais

[2026-07-07 22:45:56] [INFO] 
============================================================
[2026-07-07 22:45:56] [INFO]   ✅ Business Logic scan complete — 0 findings
[2026-07-07 22:45:56] [INFO]   📁 output/localhost_20260707_224341/attacks/business/findings.json
[2026-07-07 22:45:56] [INFO] ============================================================
[2026-07-07 22:45:56] [INFO] 
============================================================
[2026-07-07 22:45:56] [INFO]   InjectionScanner — http://localhost:8000
[2026-07-07 22:45:56] [INFO] ============================================================

[2026-07-07 22:45:56] [INFO]   [+] 0 parâmetros GET para testar
[2026-07-07 22:45:56] [INFO]   [+] 0 formulários para testar
[2026-07-07 22:45:56] [INFO]   [+] 0 tarefas totais

[2026-07-07 22:45:56] [INFO] 
============================================================
[2026-07-07 22:45:56] [INFO]   ✅ Injection scan complete — 0 findings
[2026-07-07 22:45:56] [INFO]   📁 output/localhost_20260707_224341/attacks/injection/findings.json
[2026-07-07 22:45:56] [INFO] ============================================================
[2026-07-07 22:45:56] [INFO] 
============================================================
[2026-07-07 22:45:56] [INFO]   XSSScanner — http://localhost:8000
[2026-07-07 22:45:56] [INFO] ============================================================

[2026-07-07 22:45:56] [INFO]   [+] 0 forms | 0 search endpoints
[2026-07-07 22:45:56] [INFO]   [+] 0 tarefas totais

[2026-07-07 22:45:56] [INFO] 
============================================================
[2026-07-07 22:45:56] [INFO]   ✅ XSS scan complete — 0 findings
[2026-07-07 22:45:56] [INFO]   📁 output/localhost_20260707_224341/attacks/xss/findings.json
[2026-07-07 22:45:56] [INFO] ============================================================
[2026-07-07 22:45:56] [INFO] 
============================================================
[2026-07-07 22:45:56] [INFO]   SSRFScanner — http://localhost:8000
[2026-07-07 22:45:56] [INFO] ============================================================

[2026-07-07 22:45:56] [INFO]   [+] 0 param tasks + 0 form tasks

[2026-07-07 22:45:56] [INFO] 
============================================================
[2026-07-07 22:45:56] [INFO]   ✅ SSRF scan complete — 0 findings
[2026-07-07 22:45:56] [INFO]   📁 output/localhost_20260707_224341/attacks/ssrf/findings.json
[2026-07-07 22:45:56] [INFO] ============================================================
